// Jest Snapshot v1, https://goo.gl/fbAQLP

exports[`renders correctly 1`] = `
<ScrollView
  contentContainerStyle={
    Object {
      "flex": 1,
    }
  }
  style={
    Object {
      "flex": 1,
    }
  }
>
  <View
    onLongPress={undefined}
    onPress={undefined}
    style={
      Array [
        Object {
          "backgroundColor": "transparent",
          "borderBottomColor": "#ededed",
          "borderBottomWidth": 1,
          "paddingBottom": 10,
          "paddingRight": 10,
          "paddingTop": 10,
        },
        undefined,
      ]
    }
    underlayColor="white"
  >
    <View
      style={
        Array [
          Object {
            "flexDirection": "row",
            "marginLeft": 10,
          },
          undefined,
        ]
      }
    >
      <View
        style={
          Object {
            "flex": 1,
            "justifyContent": "center",
          }
        }
      >
        <View
          style={undefined}
        >
          <Text
            accessible={true}
            allowFontScaling={true}
            ellipsizeMode="tail"
            style={
              Array [
                Object {},
                undefined,
                undefined,
                undefined,
                undefined,
                undefined,
                undefined,
                undefined,
                undefined,
                undefined,
                Array [
                  Object {
                    "color": "#43484d",
                    "fontSize": 16.099999999999998,
                  },
                  Object {
                    "marginLeft": 10,
                  },
                  undefined,
                  undefined,
                ],
              ]
            }
          >
            Test 1
          </Text>
        </View>
        <View
          style={undefined}
        >
          <View />
        </View>
      </View>
      <View
        accessibilityComponentType="button"
        accessibilityLabel={undefined}
        accessibilityTraits={
          Array [
            "button",
          ]
        }
        accessible={true}
        hitSlop={undefined}
        isTVSelectable={true}
        onLayout={undefined}
        onResponderGrant={[Function]}
        onResponderMove={[Function]}
        onResponderRelease={[Function]}
        onResponderTerminate={[Function]}
        onResponderTerminationRequest={[Function]}
        onStartShouldSetResponder={[Function]}
        style={
          Object {
            "opacity": 1,
          }
        }
        testID={undefined}
        tvParallaxProperties={undefined}
      >
        <View
          style={
            Array [
              Object {},
            ]
          }
        >
          <Text
            accessible={true}
            allowFontScaling={true}
            ellipsizeMode="tail"
            style={
              Array [
                Object {
                  "color": "#0C42FD",
                  "fontSize": 18,
                  "padding": 8,
                  "textAlign": "center",
                },
                Object {
                  "color": "tomato",
                },
              ]
            }
          >
            取消关注
          </Text>
        </View>
      </View>
    </View>
  </View>
  <View
    onLongPress={undefined}
    onPress={undefined}
    style={
      Array [
        Object {
          "backgroundColor": "transparent",
          "borderBottomColor": "#ededed",
          "borderBottomWidth": 1,
          "paddingBottom": 10,
          "paddingRight": 10,
          "paddingTop": 10,
        },
        undefined,
      ]
    }
    underlayColor="white"
  >
    <View
      style={
        Array [
          Object {
            "flexDirection": "row",
            "marginLeft": 10,
          },
          undefined,
        ]
      }
    >
      <View
        style={
          Object {
            "flex": 1,
            "justifyContent": "center",
          }
        }
      >
        <View
          style={undefined}
        >
          <Text
            accessible={true}
            allowFontScaling={true}
            ellipsizeMode="tail"
            style={
              Array [
                Object {},
                undefined,
                undefined,
                undefined,
                undefined,
                undefined,
                undefined,
                undefined,
                undefined,
                undefined,
                Array [
                  Object {
                    "color": "#43484d",
                    "fontSize": 16.099999999999998,
                  },
                  Object {
                    "marginLeft": 10,
                  },
                  undefined,
                  undefined,
                ],
              ]
            }
          >
            Test 2
          </Text>
        </View>
        <View
          style={undefined}
        >
          <View />
        </View>
      </View>
      <View
        accessibilityComponentType="button"
        accessibilityLabel={undefined}
        accessibilityTraits={
          Array [
            "button",
          ]
        }
        accessible={true}
        hitSlop={undefined}
        isTVSelectable={true}
        onLayout={undefined}
        onResponderGrant={[Function]}
        onResponderMove={[Function]}
        onResponderRelease={[Function]}
        onResponderTerminate={[Function]}
        onResponderTerminationRequest={[Function]}
        onStartShouldSetResponder={[Function]}
        style={
          Object {
            "opacity": 1,
          }
        }
        testID={undefined}
        tvParallaxProperties={undefined}
      >
        <View
          style={
            Array [
              Object {},
            ]
          }
        >
          <Text
            accessible={true}
            allowFontScaling={true}
            ellipsizeMode="tail"
            style={
              Array [
                Object {
                  "color": "#0C42FD",
                  "fontSize": 18,
                  "padding": 8,
                  "textAlign": "center",
                },
                Object {
                  "color": "tomato",
                },
              ]
            }
          >
            关注
          </Text>
        </View>
      </View>
    </View>
  </View>
  <View
    onLongPress={undefined}
    onPress={undefined}
    style={
      Array [
        Object {
          "backgroundColor": "transparent",
          "borderBottomColor": "#ededed",
          "borderBottomWidth": 1,
          "paddingBottom": 10,
          "paddingRight": 10,
          "paddingTop": 10,
        },
        undefined,
      ]
    }
    underlayColor="white"
  >
    <View
      style={
        Array [
          Object {
            "flexDirection": "row",
            "marginLeft": 10,
          },
          undefined,
        ]
      }
    >
      <View
        style={
          Object {
            "flex": 1,
            "justifyContent": "center",
          }
        }
      >
        <View
          style={undefined}
        >
          <Text
            accessible={true}
            allowFontScaling={true}
            ellipsizeMode="tail"
            style={
              Array [
                Object {},
                undefined,
                undefined,
                undefined,
                undefined,
                undefined,
                undefined,
                undefined,
                undefined,
                undefined,
                Array [
                  Object {
                    "color": "#43484d",
                    "fontSize": 16.099999999999998,
                  },
                  Object {
                    "marginLeft": 10,
                  },
                  undefined,
                  undefined,
                ],
              ]
            }
          >
            Test 3
          </Text>
        </View>
        <View
          style={undefined}
        >
          <View />
        </View>
      </View>
      <View
        accessibilityComponentType="button"
        accessibilityLabel={undefined}
        accessibilityTraits={
          Array [
            "button",
          ]
        }
        accessible={true}
        hitSlop={undefined}
        isTVSelectable={true}
        onLayout={undefined}
        onResponderGrant={[Function]}
        onResponderMove={[Function]}
        onResponderRelease={[Function]}
        onResponderTerminate={[Function]}
        onResponderTerminationRequest={[Function]}
        onStartShouldSetResponder={[Function]}
        style={
          Object {
            "opacity": 1,
          }
        }
        testID={undefined}
        tvParallaxProperties={undefined}
      >
        <View
          style={
            Array [
              Object {},
            ]
          }
        >
          <Text
            accessible={true}
            allowFontScaling={true}
            ellipsizeMode="tail"
            style={
              Array [
                Object {
                  "color": "#0C42FD",
                  "fontSize": 18,
                  "padding": 8,
                  "textAlign": "center",
                },
                Object {
                  "color": "tomato",
                },
              ]
            }
          >
            取消关注
          </Text>
        </View>
      </View>
    </View>
  </View>
</ScrollView>
`;
